Traceback (most recent call last):
  File "/home/hlihw/envs/minimind_py310/lib/python3.10/site-packages/transformers/utils/hub.py", line 479, in cached_files
    hf_hub_download(
  File "/home/hlihw/envs/minimind_py310/lib/python3.10/site-packages/huggingface_hub/utils/_validators.py", line 106, in _inner_fn
    validate_repo_id(arg_value)
  File "/home/hlihw/envs/minimind_py310/lib/python3.10/site-packages/huggingface_hub/utils/_validators.py", line 160, in validate_repo_id
    raise HFValidationError(
huggingface_hub.errors.HFValidationError: Repo id must use alphanumeric chars, '-', '_' or '.'. The name cannot start or end with '-' or '.' and the maximum length is 96: '../model'.

During handling of the above exception, another exception occurred:

Traceback (most recent call last):
  File "/home/hlihw/minimind_project/scripts/evaluate_stage_losses.py", line 249, in <module>
    main()
  File "/home/hlihw/minimind_project/scripts/evaluate_stage_losses.py", line 156, in main
    _, tokenizer = load_eval_model("sft", args.hidden_size, args.layers, device)
  File "/home/hlihw/minimind_project/scripts/evaluate_stage_losses.py", line 43, in load_eval_model
    model, tokenizer = init_model(cfg, spec["weight"], device=device)
  File "/home/hlihw/minimind/trainer/trainer_utils.py", line 120, in init_model
    tokenizer = AutoTokenizer.from_pretrained(tokenizer_path)
  File "/home/hlihw/envs/minimind_py310/lib/python3.10/site-packages/transformers/models/auto/tokenization_auto.py", line 1089, in from_pretrained
    tokenizer_config = get_tokenizer_config(pretrained_model_name_or_path, **kwargs)
  File "/home/hlihw/envs/minimind_py310/lib/python3.10/site-packages/transformers/models/auto/tokenization_auto.py", line 921, in get_tokenizer_config
    resolved_config_file = cached_file(
  File "/home/hlihw/envs/minimind_py310/lib/python3.10/site-packages/transformers/utils/hub.py", line 322, in cached_file
    file = cached_files(path_or_repo_id=path_or_repo_id, filenames=[filename], **kwargs)
  File "/home/hlihw/envs/minimind_py310/lib/python3.10/site-packages/transformers/utils/hub.py", line 531, in cached_files
    resolved_files = [
  File "/home/hlihw/envs/minimind_py310/lib/python3.10/site-packages/transformers/utils/hub.py", line 532, in <listcomp>
    _get_cache_file_to_return(path_or_repo_id, filename, cache_dir, revision, repo_type)
  File "/home/hlihw/envs/minimind_py310/lib/python3.10/site-packages/transformers/utils/hub.py", line 143, in _get_cache_file_to_return
    resolved_file = try_to_load_from_cache(
  File "/home/hlihw/envs/minimind_py310/lib/python3.10/site-packages/huggingface_hub/utils/_validators.py", line 106, in _inner_fn
    validate_repo_id(arg_value)
  File "/home/hlihw/envs/minimind_py310/lib/python3.10/site-packages/huggingface_hub/utils/_validators.py", line 160, in validate_repo_id
    raise HFValidationError(
huggingface_hub.errors.HFValidationError: Repo id must use alphanumeric chars, '-', '_' or '.'. The name cannot start or end with '-' or '.' and the maximum length is 96: '../model'.
