Sat Jun  6 12:00:56 AM HKT 2026
dgx-10
Sat Jun  6 00:00:56 2026       
+-----------------------------------------------------------------------------------------+
| NVIDIA-SMI 570.158.01             Driver Version: 570.158.01     CUDA Version: 12.8     |
|-----------------------------------------+------------------------+----------------------+
| GPU  Name                 Persistence-M | Bus-Id          Disp.A | Volatile Uncorr. ECC |
| Fan  Temp   Perf          Pwr:Usage/Cap |           Memory-Usage | GPU-Util  Compute M. |
|                                         |                        |               MIG M. |
|=========================================+========================+======================|
|   0  NVIDIA H800                    On  |   00000000:C3:00.0 Off |                    0 |
| N/A   21C    P0             68W /  700W |       0MiB /  81559MiB |      0%      Default |
|                                         |                        |             Disabled |
+-----------------------------------------+------------------------+----------------------+
                                                                                         
+-----------------------------------------------------------------------------------------+
| Processes:                                                                              |
|  GPU   GI   CI              PID   Type   Process name                        GPU Memory |
|        ID   ID                                                               Usage      |
|=========================================================================================|
|  No running processes found                                                             |
+-----------------------------------------------------------------------------------------+
Loading tokenizer from SFT model...
Model Params: 63.91M
Trainable Params: 63.912M
===== CE diagnostics: pretrain =====
Model Params: 63.91M
Trainable Params: 63.912M
pretrain pretrain_ce loss=1.9200 ppl=6.82
pretrain sft_assistant_ce loss=3.6856 ppl=39.87
===== CE diagnostics: sft =====
Model Params: 63.91M
Trainable Params: 63.912M
sft pretrain_ce loss=2.0348 ppl=7.65
sft sft_assistant_ce loss=1.3633 ppl=3.91
===== CE diagnostics: lora =====
Model Params: 63.91M
Trainable Params: 63.912M
lora pretrain_ce loss=2.0343 ppl=7.65
lora sft_assistant_ce loss=1.3663 ppl=3.92
===== CE diagnostics: dpo =====
Model Params: 63.91M
Trainable Params: 63.912M
dpo pretrain_ce loss=2.0349 ppl=7.65
dpo sft_assistant_ce loss=1.3630 ppl=3.91
===== Loading SFT reference for DPO diagnostics =====
Model Params: 63.91M
Trainable Params: 63.912M
===== DPO diagnostics: sft =====
Model Params: 63.91M
Trainable Params: 63.912M
sft {'loss': 0.6931471824645996, 'chosen_accuracy': 0.603515625, 'avg_policy_margin': 96.96829861402512, 'avg_ref_margin': 96.96829861402512, 'pairs': 512}
===== DPO diagnostics: lora =====
Model Params: 63.91M
Trainable Params: 63.912M
lora {'loss': 0.7099792892113328, 'chosen_accuracy': 0.6015625, 'avg_policy_margin': 96.5285142660141, 'avg_ref_margin': 96.69923788309097, 'pairs': 512}
===== DPO diagnostics: dpo =====
Model Params: 63.91M
Trainable Params: 63.912M
dpo {'loss': 0.6957769365981221, 'chosen_accuracy': 0.607421875, 'avg_policy_margin': 96.67749437689781, 'avg_ref_margin': 96.69261705875397, 'pairs': 512}
saved /home/hlihw/minimind_project/results/diagnostics/stage_loss_diagnostics.csv
Sat Jun  6 12:02:16 AM HKT 2026
