Sat Jun  6 12:14:48 AM HKT 2026
dgx-10
Sat Jun  6 00:14:48 2026       
+-----------------------------------------------------------------------------------------+
| NVIDIA-SMI 570.158.01             Driver Version: 570.158.01     CUDA Version: 12.8     |
|-----------------------------------------+------------------------+----------------------+
| GPU  Name                 Persistence-M | Bus-Id          Disp.A | Volatile Uncorr. ECC |
| Fan  Temp   Perf          Pwr:Usage/Cap |           Memory-Usage | GPU-Util  Compute M. |
|                                         |                        |               MIG M. |
|=========================================+========================+======================|
|   0  NVIDIA H800                    On  |   00000000:C3:00.0 Off |                    0 |
| N/A   21C    P0             68W /  700W |       0MiB /  81559MiB |      0%      Default |
|                                         |                        |             Disabled |
+-----------------------------------------+------------------------+----------------------+
                                                                                         
+-----------------------------------------------------------------------------------------+
| Processes:                                                                              |
|  GPU   GI   CI              PID   Type   Process name                        GPU Memory |
|        ID   ID                                                               Usage      |
|=========================================================================================|
|  No running processes found                                                             |
+-----------------------------------------------------------------------------------------+
Loading tokenizer from SFT model...
Model Params: 63.91M
Trainable Params: 63.912M
===== CE diagnostics: pretrain =====
Model Params: 63.91M
Trainable Params: 63.912M
pretrain pretrain_ce loss=1.9200 ppl=6.82
pretrain sft_assistant_ce loss=3.6826 ppl=39.75
===== CE diagnostics: sft =====
Model Params: 63.91M
Trainable Params: 63.912M
sft pretrain_ce loss=2.0348 ppl=7.65
sft sft_assistant_ce loss=1.3641 ppl=3.91
===== CE diagnostics: sft_len1024 =====
Model Params: 63.91M
Trainable Params: 63.912M
sft_len1024 pretrain_ce loss=2.0343 ppl=7.65
sft_len1024 sft_assistant_ce loss=1.3643 ppl=3.91
===== CE diagnostics: lora =====
Model Params: 63.91M
Trainable Params: 63.912M
lora pretrain_ce loss=2.0343 ppl=7.65
lora sft_assistant_ce loss=1.3640 ppl=3.91
===== CE diagnostics: dpo =====
Model Params: 63.91M
Trainable Params: 63.912M
dpo pretrain_ce loss=2.0349 ppl=7.65
dpo sft_assistant_ce loss=1.3641 ppl=3.91
===== Loading SFT reference for DPO diagnostics =====
Model Params: 63.91M
Trainable Params: 63.912M
===== DPO diagnostics: sft =====
Model Params: 63.91M
Trainable Params: 63.912M
sft {'loss': 0.6931471824645996, 'chosen_accuracy': 0.60546875, 'avg_policy_margin': 96.9430000782013, 'avg_ref_margin': 96.9430000782013, 'pairs': 512}
===== DPO diagnostics: sft_len1024 =====
Model Params: 63.91M
Trainable Params: 63.912M
sft_len1024 {'loss': 0.7115111220628023, 'chosen_accuracy': 0.599609375, 'avg_policy_margin': 96.75488126277924, 'avg_ref_margin': 96.8974027633667, 'pairs': 512}
===== DPO diagnostics: lora =====
Model Params: 63.91M
Trainable Params: 63.912M
lora {'loss': 0.709163068793714, 'chosen_accuracy': 0.603515625, 'avg_policy_margin': 96.86198890209198, 'avg_ref_margin': 97.0187594294548, 'pairs': 512}
===== DPO diagnostics: dpo =====
Model Params: 63.91M
Trainable Params: 63.912M
dpo {'loss': 0.6955774603411555, 'chosen_accuracy': 0.60546875, 'avg_policy_margin': 97.1409874856472, 'avg_ref_margin': 97.15306180715561, 'pairs': 512}
saved /home/hlihw/minimind_project/results/diagnostics/stage_loss_diagnostics.csv
Sat Jun  6 12:15:19 AM HKT 2026
